📦 Name:            at-group
🗂  Namespace:       foo

👥 Approvers
   * admin-group (Group)
   * dev-team (Group)
   * alice

👨‍💻 ApproverResponse

Name                     ApproverResponse     Message
admin-group: bob         ✅                    LGTM
admin-group: charlie     ✅                    ---
dev-team: david          ❌                    Needs more testing

🌡️  Status

NumberOfApprovalsRequired     PendingApprovals     STATUS
3                             0                    Approved
